D, [2021-03-08T15:39:46.860727 #71676] DEBUG -- : [httplog] Connecting: gitlab.com:443
D, [2021-03-08T15:39:47.056592 #71676] DEBUG -- : [httplog] Sending: GET http://gitlab.com:443/
D, [2021-03-08T15:39:47.086345 #71676] DEBUG -- : [httplog] Status: 301
D, [2021-03-08T15:39:47.086444 #71676] DEBUG -- : [httplog] Benchmark: 0.132089 seconds
D, [2021-03-08T15:39:47.088054 #71676] DEBUG -- : [httplog] Connecting: about.gitlab.com:443
D, [2021-03-08T15:39:47.198182 #71676] DEBUG -- : [httplog] Sending: GET http://about.gitlab.com:443/
D, [2021-03-08T15:39:47.198266 #71676] DEBUG -- : [httplog] Status: 200
D, [2021-03-08T15:39:47.198313 #71676] DEBUG -- : [httplog] Benchmark: 0.02666 seconds
D, [2021-03-08T15:39:47.198790 #71676] DEBUG -- : [httplog] Connecting: gitlab.com:443
D, [2021-03-08T15:39:47.407591 #71676] DEBUG -- : [httplog] Sending: GET http://gitlab.com:443/
D, [2021-03-08T15:39:47.407801 #71676] DEBUG -- : [httplog] Status: 301
D, [2021-03-08T15:39:47.407892 #71676] DEBUG -- : [httplog] Benchmark: 0.157134 seconds
D, [2021-03-08T15:39:47.408339 #71676] DEBUG -- : [httplog] Connecting: about.gitlab.com:443
D, [2021-03-08T15:39:47.500234 #71676] DEBUG -- : [httplog] Sending: GET http://about.gitlab.com:443/
D, [2021-03-08T15:39:47.500397 #71676] DEBUG -- : [httplog] Status: 200
D, [2021-03-08T15:39:47.500582 #71676] DEBUG -- : [httplog] Benchmark: 0.028632 seconds
D, [2021-03-08T15:39:47.501576 #71676] DEBUG -- : [httplog] Connecting: gitlab.com:443
D, [2021-03-08T15:39:47.677761 #71676] DEBUG -- : [httplog] Sending: GET http://gitlab.com:443/
D, [2021-03-08T15:39:47.678025 #71676] DEBUG -- : [httplog] Status: 301
D, [2021-03-08T15:39:47.678143 #71676] DEBUG -- : [httplog] Benchmark: 0.118802 seconds
D, [2021-03-08T15:39:47.679200 #71676] DEBUG -- : [httplog] Connecting: about.gitlab.com:443
D, [2021-03-08T15:39:47.781436 #71676] DEBUG -- : [httplog] Sending: GET http://about.gitlab.com:443/
D, [2021-03-08T15:39:47.781577 #71676] DEBUG -- : [httplog] Status: 200
D, [2021-03-08T15:39:47.781649 #71676] DEBUG -- : [httplog] Benchmark: 0.043563 seconds
D, [2021-03-08T15:39:47.782708 #71676] DEBUG -- : [httplog] Connecting: gitlab.com:443
D, [2021-03-08T15:39:47.967084 #71676] DEBUG -- : [httplog] Sending: GET http://gitlab.com:443/
D, [2021-03-08T15:39:47.967290 #71676] DEBUG -- : [httplog] Status: 301
D, [2021-03-08T15:39:47.967437 #71676] DEBUG -- : [httplog] Benchmark: 0.11244 seconds
D, [2021-03-08T15:39:47.968773 #71676] DEBUG -- : [httplog] Connecting: about.gitlab.com:443
D, [2021-03-08T15:39:48.059747 #71676] DEBUG -- : [httplog] Sending: GET http://about.gitlab.com:443/
D, [2021-03-08T15:39:48.059942 #71676] DEBUG -- : [httplog] Status: 200
D, [2021-03-08T15:39:48.060075 #71676] DEBUG -- : [httplog] Benchmark: 0.04124 seconds
D, [2021-03-08T15:39:48.061404 #71676] DEBUG -- : [httplog] Connecting: gitlab.com:443
D, [2021-03-08T15:39:48.266237 #71676] DEBUG -- : [httplog] Sending: GET http://gitlab.com:443/
D, [2021-03-08T15:39:48.266465 #71676] DEBUG -- : [httplog] Status: 301
D, [2021-03-08T15:39:48.266626 #71676] DEBUG -- : [httplog] Benchmark: 0.156153 seconds
D, [2021-03-08T15:39:48.268030 #71676] DEBUG -- : [httplog] Connecting: about.gitlab.com:443
D, [2021-03-08T15:39:48.366197 #71676] DEBUG -- : [httplog] Sending: GET http://about.gitlab.com:443/
D, [2021-03-08T15:39:48.366416 #71676] DEBUG -- : [httplog] Status: 200
D, [2021-03-08T15:39:48.366530 #71676] DEBUG -- : [httplog] Benchmark: 0.045423 seconds
D, [2021-03-08T15:39:48.367615 #71676] DEBUG -- : [httplog] Connecting: gitlab.com:443
D, [2021-03-08T15:39:48.579206 #71676] DEBUG -- : [httplog] Sending: GET http://gitlab.com:443/
D, [2021-03-08T15:39:48.579413 #71676] DEBUG -- : [httplog] Status: 301
D, [2021-03-08T15:39:48.579553 #71676] DEBUG -- : [httplog] Benchmark: 0.122864 seconds
D, [2021-03-08T15:39:48.580572 #71676] DEBUG -- : [httplog] Connecting: about.gitlab.com:443
D, [2021-03-08T15:39:48.680915 #71676] DEBUG -- : [httplog] Sending: GET http://about.gitlab.com:443/
D, [2021-03-08T15:39:48.681235 #71676] DEBUG -- : [httplog] Status: 200
D, [2021-03-08T15:39:48.681455 #71676] DEBUG -- : [httplog] Benchmark: 0.040006 seconds
D, [2021-03-08T15:39:48.682790 #71676] DEBUG -- : [httplog] Connecting: gitlab.com:443
D, [2021-03-08T15:39:48.904611 #71676] DEBUG -- : [httplog] Sending: GET http://gitlab.com:443/
D, [2021-03-08T15:39:48.904866 #71676] DEBUG -- : [httplog] Status: 301
D, [2021-03-08T15:39:48.904983 #71676] DEBUG -- : [httplog] Benchmark: 0.165046 seconds
D, [2021-03-08T15:39:48.906084 #71676] DEBUG -- : [httplog] Connecting: about.gitlab.com:443
D, [2021-03-08T15:39:49.001941 #71676] DEBUG -- : [httplog] Sending: GET http://about.gitlab.com:443/
D, [2021-03-08T15:39:49.002069 #71676] DEBUG -- : [httplog] Status: 200
D, [2021-03-08T15:39:49.002111 #71676] DEBUG -- : [httplog] Benchmark: 0.035463 seconds
D, [2021-03-08T15:39:49.002549 #71676] DEBUG -- : [httplog] Connecting: gitlab.com:443
D, [2021-03-08T15:39:49.173490 #71676] DEBUG -- : [httplog] Sending: GET http://gitlab.com:443/
D, [2021-03-08T15:39:49.173697 #71676] DEBUG -- : [httplog] Status: 301
D, [2021-03-08T15:39:49.173805 #71676] DEBUG -- : [httplog] Benchmark: 0.127798 seconds
D, [2021-03-08T15:39:49.174771 #71676] DEBUG -- : [httplog] Connecting: about.gitlab.com:443
D, [2021-03-08T15:39:49.283672 #71676] DEBUG -- : [httplog] Sending: GET http://about.gitlab.com:443/
D, [2021-03-08T15:39:49.283866 #71676] DEBUG -- : [httplog] Status: 200
D, [2021-03-08T15:39:49.284013 #71676] DEBUG -- : [httplog] Benchmark: 0.041826 seconds
D, [2021-03-08T15:39:49.284975 #71676] DEBUG -- : [httplog] Connecting: gitlab.com:443
D, [2021-03-08T15:39:49.463097 #71676] DEBUG -- : [httplog] Sending: GET http://gitlab.com:443/
D, [2021-03-08T15:39:49.463308 #71676] DEBUG -- : [httplog] Status: 301
D, [2021-03-08T15:39:49.463419 #71676] DEBUG -- : [httplog] Benchmark: 0.125115 seconds
D, [2021-03-08T15:39:49.464558 #71676] DEBUG -- : [httplog] Connecting: about.gitlab.com:443
D, [2021-03-08T15:39:49.550314 #71676] DEBUG -- : [httplog] Sending: GET http://about.gitlab.com:443/
D, [2021-03-08T15:39:49.550397 #71676] DEBUG -- : [httplog] Status: 200
D, [2021-03-08T15:39:49.550433 #71676] DEBUG -- : [httplog] Benchmark: 0.02789 seconds
D, [2021-03-08T15:39:49.551030 #71676] DEBUG -- : [httplog] Connecting: gitlab.com:443
D, [2021-03-08T15:39:49.731177 #71676] DEBUG -- : [httplog] Sending: GET http://gitlab.com:443/
D, [2021-03-08T15:39:49.731382 #71676] DEBUG -- : [httplog] Status: 301
D, [2021-03-08T15:39:49.731493 #71676] DEBUG -- : [httplog] Benchmark: 0.123984 seconds
D, [2021-03-08T15:39:49.732509 #71676] DEBUG -- : [httplog] Connecting: about.gitlab.com:443
D, [2021-03-08T15:39:49.810894 #71676] DEBUG -- : [httplog] Sending: GET http://about.gitlab.com:443/
D, [2021-03-08T15:39:49.811057 #71676] DEBUG -- : [httplog] Status: 200
D, [2021-03-08T15:39:49.811164 #71676] DEBUG -- : [httplog] Benchmark: 0.025267 seconds
D, [2021-03-08T15:39:49.812269 #71676] DEBUG -- : [httplog] Connecting: gitlab.com:443
D, [2021-03-08T15:39:50.007580 #71676] DEBUG -- : [httplog] Sending: GET http://gitlab.com:443/
D, [2021-03-08T15:39:50.007780 #71676] DEBUG -- : [httplog] Status: 301
D, [2021-03-08T15:39:50.007889 #71676] DEBUG -- : [httplog] Benchmark: 0.142043 seconds
D, [2021-03-08T15:39:50.008991 #71676] DEBUG -- : [httplog] Connecting: about.gitlab.com:443
D, [2021-03-08T15:39:50.106997 #71676] DEBUG -- : [httplog] Sending: GET http://about.gitlab.com:443/
D, [2021-03-08T15:39:50.107186 #71676] DEBUG -- : [httplog] Status: 200
D, [2021-03-08T15:39:50.107284 #71676] DEBUG -- : [httplog] Benchmark: 0.046714 seconds
D, [2021-03-08T15:39:50.108457 #71676] DEBUG -- : [httplog] Connecting: gitlab.com:443
D, [2021-03-08T15:39:50.280155 #71676] DEBUG -- : [httplog] Sending: GET http://gitlab.com:443/
D, [2021-03-08T15:39:50.280405 #71676] DEBUG -- : [httplog] Status: 301
D, [2021-03-08T15:39:50.281949 #71676] DEBUG -- : [httplog] Benchmark: 0.127394 seconds
D, [2021-03-08T15:39:50.282865 #71676] DEBUG -- : [httplog] Connecting: about.gitlab.com:443
D, [2021-03-08T15:39:50.365391 #71676] DEBUG -- : [httplog] Sending: GET http://about.gitlab.com:443/
D, [2021-03-08T15:39:50.365498 #71676] DEBUG -- : [httplog] Status: 200
D, [2021-03-08T15:39:50.365541 #71676] DEBUG -- : [httplog] Benchmark: 0.025922 seconds
D, [2021-03-08T15:39:50.366021 #71676] DEBUG -- : [httplog] Connecting: gitlab.com:443
D, [2021-03-08T15:39:50.524015 #71676] DEBUG -- : [httplog] Sending: GET http://gitlab.com:443/
D, [2021-03-08T15:39:50.524265 #71676] DEBUG -- : [httplog] Status: 301
D, [2021-03-08T15:39:50.524382 #71676] DEBUG -- : [httplog] Benchmark: 0.112667 seconds
D, [2021-03-08T15:39:50.525190 #71676] DEBUG -- : [httplog] Connecting: about.gitlab.com:443
D, [2021-03-08T15:39:50.624465 #71676] DEBUG -- : [httplog] Sending: GET http://about.gitlab.com:443/
D, [2021-03-08T15:39:50.624572 #71676] DEBUG -- : [httplog] Status: 200
D, [2021-03-08T15:39:50.624625 #71676] DEBUG -- : [httplog] Benchmark: 0.050392 seconds
D, [2021-03-08T15:39:50.625178 #71676] DEBUG -- : [httplog] Connecting: gitlab.com:443
D, [2021-03-08T15:39:50.800935 #71676] DEBUG -- : [httplog] Sending: GET http://gitlab.com:443/
D, [2021-03-08T15:39:50.801146 #71676] DEBUG -- : [httplog] Status: 301
D, [2021-03-08T15:39:50.801259 #71676] DEBUG -- : [httplog] Benchmark: 0.131759 seconds
D, [2021-03-08T15:39:50.802440 #71676] DEBUG -- : [httplog] Connecting: about.gitlab.com:443
D, [2021-03-08T15:39:50.896945 #71676] DEBUG -- : [httplog] Sending: GET http://about.gitlab.com:443/
D, [2021-03-08T15:39:50.897169 #71676] DEBUG -- : [httplog] Status: 200
D, [2021-03-08T15:39:50.897278 #71676] DEBUG -- : [httplog] Benchmark: 0.032113 seconds
D, [2021-03-08T15:39:50.898436 #71676] DEBUG -- : [httplog] Connecting: gitlab.com:443
D, [2021-03-08T15:39:51.065813 #71676] DEBUG -- : [httplog] Sending: GET http://gitlab.com:443/
D, [2021-03-08T15:39:51.066066 #71676] DEBUG -- : [httplog] Status: 301
D, [2021-03-08T15:39:51.066177 #71676] DEBUG -- : [httplog] Benchmark: 0.116982 seconds
D, [2021-03-08T15:39:51.067138 #71676] DEBUG -- : [httplog] Connecting: about.gitlab.com:443
D, [2021-03-08T15:39:51.154065 #71676] DEBUG -- : [httplog] Sending: GET http://about.gitlab.com:443/
D, [2021-03-08T15:39:51.154221 #71676] DEBUG -- : [httplog] Status: 200
D, [2021-03-08T15:39:51.154295 #71676] DEBUG -- : [httplog] Benchmark: 0.030893 seconds
D, [2021-03-08T15:39:51.155144 #71676] DEBUG -- : [httplog] Connecting: gitlab.com:443
D, [2021-03-08T15:39:51.378885 #71676] DEBUG -- : [httplog] Sending: GET http://gitlab.com:443/
D, [2021-03-08T15:39:51.379094 #71676] DEBUG -- : [httplog] Status: 301
D, [2021-03-08T15:39:51.379204 #71676] DEBUG -- : [httplog] Benchmark: 0.175104 seconds
D, [2021-03-08T15:39:51.380248 #71676] DEBUG -- : [httplog] Connecting: about.gitlab.com:443
D, [2021-03-08T15:39:51.479293 #71676] DEBUG -- : [httplog] Sending: GET http://about.gitlab.com:443/
D, [2021-03-08T15:39:51.479468 #71676] DEBUG -- : [httplog] Status: 200
D, [2021-03-08T15:39:51.479556 #71676] DEBUG -- : [httplog] Benchmark: 0.030181 seconds
D, [2021-03-08T15:39:51.480393 #71676] DEBUG -- : [httplog] Connecting: gitlab.com:443
/usr/lib/ruby/2.7.0/net/protocol.rb:217:in `wait_readable': Interrupt
	from /usr/lib/ruby/2.7.0/net/protocol.rb:217:in `rbuf_fill'
	from /usr/lib/ruby/2.7.0/net/protocol.rb:191:in `readuntil'
	from /usr/lib/ruby/2.7.0/net/protocol.rb:201:in `readline'
	from /usr/lib/ruby/2.7.0/net/http/response.rb:42:in `read_status_line'
	from /usr/lib/ruby/2.7.0/net/http/response.rb:31:in `read_new'
	from /usr/lib/ruby/2.7.0/net/http.rb:1528:in `block in transport_request'
	from /usr/lib/ruby/2.7.0/net/http.rb:1519:in `catch'
	from /usr/lib/ruby/2.7.0/net/http.rb:1519:in `transport_request'
	from /usr/lib/ruby/2.7.0/net/http.rb:1492:in `request'
	from /var/lib/gems/2.7.0/gems/httplog-1.4.3/lib/httplog/adapters/net_http.rb:12:in `block in request'
	from /usr/lib/ruby/2.7.0/benchmark.rb:308:in `realtime'
	from /var/lib/gems/2.7.0/gems/httplog-1.4.3/lib/httplog/adapters/net_http.rb:11:in `request'
	from /usr/lib/ruby/2.7.0/net/http.rb:1393:in `request_get'
	from /usr/lib/ruby/2.7.0/net/http.rb:483:in `block in get_response'
	from /usr/lib/ruby/2.7.0/net/http.rb:933:in `start'
	from /usr/lib/ruby/2.7.0/net/http.rb:606:in `start'
	from /usr/lib/ruby/2.7.0/net/http.rb:481:in `get_response'
	from /home/nfishe/src/github.com/nfishe/ruby-gitlab/gitlab.rb:9:in `fetcher'
	from /home/nfishe/src/github.com/nfishe/ruby-gitlab/gitlab.rb:48:in `fetch'
	from /home/nfishe/src/github.com/nfishe/ruby-gitlab/gitlab.rb:62:in `run'
	from /home/nfishe/src/github.com/nfishe/ruby-gitlab/gitlab.rb:72:in `timer'
	from ./gitlab_instance.rb:18:in `<main>'
